
NUMBER   1
LESS_THAN   <
NUMBER   3
NUMBER   2
GREATER_THAN   >
NUMBER   4
NUMBER   1
BOOL_NOT_EQUALS   !=
NUMBER   3
NUMBER   2
BOOL_EQUALS   ==
NUMBER   5
NUMBER   3
MULTIPLY   *
NUMBER   4
PLUS   +
NUMBER   2
MINUS   -
NUMBER   7
DIVIDE   /
NUMBER   5
LEFT_PAREN   (
IDENTIFIER   a
MULTIPLY   *
NUMBER   12
PLUS   +
NUMBER   3
RIGHT_PAREN   )
